// Jest Snapshot v1, https://goo.gl/fbAQLP

exports[`snapshot testing should test snapshot for ToolList component 1`] = `
<div
  className="sc-bczRLJ knepsb"
/>
`;
